ΓÜá Warning: Next.js inferred your workspace root, but it may not be correct.
 We detected multiple lockfiles and selected the directory of C:\Users\alexa\package-lock.json as the root directory.
 To silence this warning, set `turbopack.root` in your Next.js config, or consider removing one of the lockfiles if it's not needed.
   See https://nextjs.org/docs/app/api-reference/config/next-config-js/turbopack#root-directory for more information.
 Detected additional lockfiles: 
   * C:\Users\alexa\Documents\GitHub\VITALEEVO\package-lock.json

Γû▓ Next.js 16.1.1 (Turbopack)
- Environments: .env.local

ΓÜá The "middleware" file convention is deprecated. Please use "proxy" instead. Learn more: https://nextjs.org/docs/messages/middleware-to-proxy
  Creating an optimized production build ...
Γ£ô Compiled successfully in 43s
  Running TypeScript ...
  Collecting page data using 11 workers ...
  Generating static pages using 11 workers (0/23) ...
  Generating static pages using 11 workers (5/23) 
  Generating static pages using 11 workers (11/23) 
  Generating static pages using 11 workers (17/23) 
Γ£ô Generating static pages using 11 workers (23/23) in 1392.5ms
  Finalizing page optimization ...

Route (app)
Γöî Γùï /
Γö£ Γùï /_not-found
Γö£ ╞Æ /.well-known/oauth-authorization-server
Γö£ ╞Æ /.well-known/oauth-protected-resource/mcp
Γö£ ╞Æ /[transport]
Γö£ Γùï /about
Γö£ Γùï /account
Γö£ Γùï /account/orders
Γö£ ╞Æ /account/orders/[id]
Γö£ Γùï /account/profile
Γö£ Γùï /admin
Γö£ Γùï /admin/orders
Γö£ Γùï /auth/login
Γö£ Γùï /auth/register
Γö£ Γùï /blog
Γö£ ╞Æ /blog/[id]
Γö£ Γùï /cart
Γö£ Γùï /checkout
Γö£ Γùï /checkout/success
Γö£ Γùï /contact
Γö£ Γùï /legal/privacy
Γö£ Γùï /legal/terms
Γö£ Γùï /portfolio
Γö£ ╞Æ /portfolio/[id]
Γö£ Γùï /services
Γö£ ╞Æ /services/[slug]
Γö£ ╞Æ /sign-in/[[...sign-in]]
Γö£ ╞Æ /sign-up/[[...sign-up]]
Γö£ Γùï /store
Γöö ╞Æ /store/[id]


╞Æ Proxy (Middleware)

Γùï  (Static)   prerendered as static content
╞Æ  (Dynamic)  server-rendered on demand

