convex/categories.ts(23,13): error TS2739: Type 'Query<{ document: { _id: Id<"categories">; _creationTime: number; description?: string | undefined; order: number; name: string; isActive: boolean; type: string; slug: string; }; fieldPaths: ExtractFieldPaths<...> | "_id"; indexes: { ...; }; searchIndexes: {}; vectorIndexes: {}; }>' is missing the following properties from type 'QueryInitializer<{ document: { _id: Id<"categories">; _creationTime: number; description?: string | undefined; order: number; name: string; isActive: boolean; type: string; slug: string; }; fieldPaths: ExtractFieldPaths<...> | "_id"; indexes: { ...; }; searchIndexes: {}; vectorIndexes: {}; }>': fullTableScan, withIndex, withSearchIndex
convex/wishlist.ts(57,47): error TS2304: Cannot find name 'Id'.
src/app/checkout/page.tsx(51,5): error TS2304: Cannot find name 'useEffect'.
